Ùª­jAttributesÙ¯‚€öpExtended SummaryÙ¯‚ÙÀyc>>> numToDottedQuad(long(-1))
Traceback (most recent call last):
ValueError: Not a good numeric IP: -1
>>> numToDottedQuad(long(1))
'0.0.0.1'
>>> numToDottedQuad(long(16777218))
'1.0.0.2'
>>> numToDottedQuad(long(16908291))
'1.2.0.3'
>>> numToDottedQuad(long(16909060))
'1.2.3.4'
>>> numToDottedQuad(long(4294967295))
'255.255.255.255'
>>> numToDottedQuad(long(4294967296))
Traceback (most recent call last):
ValueError: Not a good numeric IP: 4294967296
>>> numToDottedQuad(-1)
Traceback (most recent call last):
ValueError: Not a good numeric IP: -1
>>> numToDottedQuad(1)
'0.0.0.1'
>>> numToDottedQuad(16777218)
'1.0.0.2'
>>> numToDottedQuad(16908291)
'1.2.0.3'
>>> numToDottedQuad(16909060)
'1.2.3.4'
>>> numToDottedQuad(4294967295)
'255.255.255.255'
>>> numToDottedQuad(4294967296)
Traceback (most recent call last):
ValueError: Not a good numeric IP: 4294967296ögMethodsÙ¯‚€öeNotesÙ¯‚€öpOther ParametersÙ¯‚€öjParametersÙ¯‚€öfRaisesÙ¯‚€öhReceivesÙ¯‚€ögReturnsÙ¯‚€ögSummaryÙ¯‚Ù¹‚Ù§x-Convert int or long int to dotted quad string€öhWarningsÙ¯‚€öeWarnsÙ¯‚€öfYieldsÙ¯‚€ö‚gSummarypExtended Summaryx%/astropy/extern/configobj/validate.py0r<class 'function'>x5astropy.config.configuration.validate.numToDottedQuadÙ¯‚€ö€c5.0Ù«tnumToDottedQuad(num)öx1astropy.extern.configobj.validate.numToDottedQuad€