Ùª­jAttributesÙ¯‚€öpExtended SummaryÙ¯‚ÙÀyW>>> int(dottedQuadToNum('1 '))
1
>>> int(dottedQuadToNum(' 1.2'))
16777218
>>> int(dottedQuadToNum(' 1.2.3 '))
16908291
>>> int(dottedQuadToNum('1.2.3.4'))
16909060
>>> dottedQuadToNum('255.255.255.255')
4294967295
>>> dottedQuadToNum('255.255.255.256')
Traceback (most recent call last):
ValueError: Not a good dotted-quad IP: 255.255.255.256ögMethodsÙ¯‚€öeNotesÙ¯‚€öpOther ParametersÙ¯‚€öjParametersÙ¯‚€öfRaisesÙ¯‚€öhReceivesÙ¯‚€ögReturnsÙ¯‚€ögSummaryÙ¯‚Ù¹‚Ù§x2Convert decimal dotted quad string to long integer€öhWarningsÙ¯‚€öeWarnsÙ¯‚€öfYieldsÙ¯‚€ö‚gSummarypExtended Summaryx%/astropy/extern/configobj/validate.pyr<class 'function'>x5astropy.config.configuration.validate.dottedQuadToNumÙ¯‚€ö€c5.0Ù«sdottedQuadToNum(ip)öx1astropy.extern.configobj.validate.dottedQuadToNum€